00:00 +0: loading D:/Releven/Bandait/test/presentation/pages/audio_settings_screen_test.dart
00:00 +0: AudioSettingsScreen loads and displays properties
AutomatedTestWidgetsFlutterBinding - DEBUG MODE
[root]
ÔööView(state: _ViewState#955c2)
 ÔööRawView
  Ôöö_RawViewInternal-[_DeprecatedRawViewKey TestFlutterView#6eb47](renderObject: _ReusableRenderView#66622)
   Ôöö_ViewScope
    Ôöö_PipelineOwnerScope
     Ôöö_MediaQueryFromView(state: _MediaQueryFromViewState#f4d27)
      ÔööMediaQuery(MediaQueryData(size: Size(800.0, 600.0), devicePixelRatio: 3.0, textScaler: SystemTextScaler (no scaling), platformBrightness: Brightness.light, padding: EdgeInsets.zero, viewPadding: EdgeInsets.zero, viewInsets: EdgeInsets.zero, systemGestureInsets: EdgeInsets.zero, alwaysUse24HourFormat: false, accessibleNavigation: false, highContrast: false, onOffSwitchLabels: false, disableAnimations: false, invertColors: false, boldText: false, navigationMode: traditional, gestureSettings: DeviceGestureSettings(touchSlop: null), displayFeatures: [], supportsShowingSystemContextMenu: false))
       ÔööFocusTraversalGroup(policy: ReadingOrderTraversalPolicy#1bfdc, state: _FocusTraversalGroupState#e3461)
        ÔööFocus(debugLabel: "FocusTraversalGroup", focusNode: _FocusTraversalGroupNode#7bebb(FocusTraversalGroup [IN FOCUS PATH]), state: _FocusState#d1f48)
         Ôöö_FocusInheritedScope
          Ôöö_FocusScopeWithExternalFocusNode(debugLabel: "View Scope", focusNode: FocusScopeNode#44b72(View Scope [IN FOCUS PATH]), dependencies: [_FocusInheritedScope], state: _FocusScopeState#258f5)
           Ôöö_FocusInheritedScope
            ÔööMaterialApp(state: _MaterialAppState#12612)
             ÔööScrollConfiguration(behavior: MaterialScrollBehavior)
              ÔööHeroControllerScope
               ÔööFocus(dependencies: [_FocusInheritedScope], state: _FocusState#c5f33)
                Ôöö_FocusInheritedScope
                 ÔööSemantics(container: false, properties: SemanticsProperties, renderObject: RenderSemanticsAnnotations#0d7f5)
                  ÔööWidgetsApp-[GlobalObjectKey _MaterialAppState#12612](state: _WidgetsAppState#59b93)
                   ÔööRootRestorationScope(state: _RootRestorationScopeState#fbbaa)
                    ÔööUnmanagedRestorationScope
                     ÔööRestorationScope(dependencies: [UnmanagedRestorationScope], state: _RestorationScopeState#baed4)
                      ÔööUnmanagedRestorationScope
                       ÔööSharedAppData(state: _SharedAppDataState#962fc)
                        Ôöö_SharedAppModel
                         ÔööNotificationListener<NavigationNotification>
                          ÔööShortcuts(shortcuts: <Default WidgetsApp Shortcuts>, state: _ShortcutsState#8c035)
                           ÔööFocus(debugLabel: "Shortcuts", dependencies: [_FocusInheritedScope], state: _FocusState#24fde)
                            Ôöö_FocusInheritedScope
                             ÔööSemantics(container: false, properties: SemanticsProperties, renderObject: RenderSemanticsAnnotations#e0910)
                              ÔööDefaultTextEditingShortcuts
                               ÔööShortcuts(shortcuts: <Default Text Editing Shortcuts>, state: _ShortcutsState#b4431)
                                ÔööFocus(debugLabel: "Shortcuts", dependencies: [_FocusInheritedScope], state: _FocusState#39468)
                                 Ôöö_FocusInheritedScope
                                  ÔööSemantics(container: false, properties: SemanticsProperties, renderObject: RenderSemanticsAnnotations#f0bdc)
                                   ÔööActions(dispatcher: null, actions: {DoNothingIntent: DoNothingAction#844bb, DoNothingAndStopPropagationIntent: DoNothingAction#b6979, RequestFocusIntent: RequestFocusAction#34299, NextFocusIntent: NextFocusAction#4ea96, PreviousFocusIntent: PreviousFocusAction#dbf58, DirectionalFocusIntent: DirectionalFocusAction#338ca, ScrollIntent: _OverridableContextAction<ScrollIntent>#83b59(defaultAction: ScrollAction#44add), PrioritizedIntents: PrioritizedAction#26597, VoidCallbackIntent: VoidCallbackAction#c3f09}, state: _ActionsState#28ae0)
                                    Ôöö_ActionsScope
                                     ÔööFocusTraversalGroup(policy: ReadingOrderTraversalPolicy#da0cf, state: _FocusTraversalGroupState#db2ce)
                                      ÔööFocus(debugLabel: "FocusTraversalGroup", focusNode: _FocusTraversalGroupNode#31950(FocusTraversalGroup [IN FOCUS PATH]), dependencies: [_FocusInheritedScope], state: _FocusState#3b1cc)
                                       Ôöö_FocusInheritedScope
                                        ÔööTapRegionSurface(renderObject: RenderTapRegionSurface#fbc19)
                                         ÔööShortcutRegistrar(state: _ShortcutRegistrarState#e2b0a)
                                          Ôöö_ShortcutRegistrarScope
                                           ÔööShortcuts(manager: ShortcutManager#a77da(shortcuts: {}), shortcuts: {}, state: _ShortcutsState#b24f3)
                                            ÔööFocus(debugLabel: "Shortcuts", dependencies: [_FocusInheritedScope], state: _FocusState#74d49)
                                             Ôöö_FocusInheritedScope
                                              ÔööSemantics(container: false, properties: SemanticsProperties, renderObject: RenderSemanticsAnnotations#67b6d)
                                               ÔööListenableBuilder(listenable: LocalizationsResolver, state: _AnimatedState#9dd19)
                                                ÔööLocalizations(locale: en_US, delegates: [DefaultMaterialLocalizations.delegate(en_US), DefaultCupertinoLocalizations.delegate(en_US), DefaultWidgetsLocalizations.delegate(en_US)], state: _LocalizationsState#1739e)
                                                 ÔööSemantics(container: false, properties: SemanticsProperties, textDirection: ltr, renderObject: RenderSemanticsAnnotations#d1e2e)
                                                  Ôöö_LocalizationsScope-[GlobalKey#06834]
                                                   ÔööDirectionality(textDirection: ltr)
                                                    ÔööTitle(color: Color(alpha: 1.0000, red: 0.1294, green: 0.5882, blue: 0.9529, colorSpace: ColorSpace.sRGB))
                                                     ÔööCheckedModeBanner("DEBUG")
                                                      ÔööBanner(dependencies: [Directionality], state: _BannerState#f0d59("DEBUG", textDirection: ltr, location: topEnd, Color(alpha: 0.6275, red: 0.7176, green: 0.1098, blue: 0.1098, colorSpace: ColorSpace.sRGB), text inherit: true, text color: Color(alpha: 1.0000, red: 1.0000, green: 1.0000, blue: 1.0000, colorSpace: ColorSpace.sRGB), text size: 10.2, text weight: 900, text height: 1.0x))
                                                       ÔööCustomPaint(renderObject: RenderCustomPaint#619d2)
                                                        ÔööValueListenableBuilder<bool>(state: _ValueListenableBuilderState<bool>#5e4e9)
                                                         ÔööDefaultTextStyle(debugLabel: fallback style; consider putting your text in a Material, inherit: true, color: Color(alpha: 0.8157, red: 1.0000, green: 0.0000, blue: 0.0000, colorSpace: ColorSpace.sRGB), family: monospace, size: 48.0, weight: 900, decoration: double Color(alpha: 1.0000, red: 1.0000, green: 1.0000, blue: 0.0000, colorSpace: ColorSpace.sRGB) TextDecoration.underline, softWrap: wrapping at box width, overflow: clip)
                                                          ÔööBuilder(dependencies: [MediaQuery])
                                                           ÔööAnimatedTheme(duration: 200ms, state: _AnimatedThemeState#51b45(ticker inactive, ThemeDataTween(ThemeData#cb3d9 ÔåÆ ThemeData#cb3d9)))
                                                            ÔööTheme(ThemeData#cb3d9, dependencies: [MediaQuery])
                                                             Ôöö_InheritedTheme
                                                              ÔööCupertinoTheme(brightness: light, primaryColor: Color(alpha: 1.0000, red: 0.4039, green: 0.3137, blue: 0.6431, colorSpace: ColorSpace.sRGB), scaffoldBackgroundColor: Color(alpha: 1.0000, red: 0.9961, green: 0.9686, blue: 1.0000, colorSpace: ColorSpace.sRGB), actionTextStyle: TextStyle(inherit: false, color: Color(alpha: 1.0000, red: 0.4039, green: 0.3137, blue: 0.6431, colorSpace: ColorSpace.sRGB), family: CupertinoSystemText, size: 17.0, letterSpacing: -0.4, decoration: TextDecoration.none), actionSmallTextStyle: TextStyle(inherit: false, color: Color(alpha: 1.0000, red: 0.4039, green: 0.3137, blue: 0.6431, colorSpace: ColorSpace.sRGB), family: CupertinoSystemText, size: 15.0, letterSpacing: -0.2, decoration: TextDecoration.none), navActionTextStyle: TextStyle(inherit: false, color: Color(alpha: 1.0000, red: 0.4039, green: 0.3137, blue: 0.6431, colorSpace: ColorSpace.sRGB), family: CupertinoSystemText, size: 17.0, letterSpacing: -0.4, decoration: TextDecoration.none))
                                                               ÔööInheritedCupertinoTheme
                                                                ÔööIconTheme(color: Color(alpha: 1.0000, red: 0.4039, green: 0.3137, blue: 0.6431, colorSpace: ColorSpace.sRGB))
                                                                 ÔööIconTheme(color: Color(alpha: 0.8667, red: 0.0000, green: 0.0000, blue: 0.0000, colorSpace: ColorSpace.sRGB))
                                                                  ÔööDefaultSelectionStyle
                                                                   ÔööScaffoldMessenger(dependencies: [MediaQuery], state: ScaffoldMessengerState#dcc49)
                                                                    Ôöö_ScaffoldMessengerScope
                                                                     ÔööDefaultSelectionStyle
                                                                      ÔööFocusScope(debugLabel: "Navigator Scope", AUTOFOCUS, dependencies: [_FocusInheritedScope], state: _FocusScopeState#ed7a9)
                                                                       ÔööSemantics(container: false, properties: SemanticsProperties, renderObject: RenderSemanticsAnnotations#a594a)
                                                                        Ôöö_FocusInheritedScope
                                                                         ÔööNavigator-[GlobalObjectKey<NavigatorState> _WidgetsAppState#59b93](dependencies: [HeroControllerScope, InheritedCupertinoTheme, UnmanagedRestorationScope, _InheritedTheme, _LocalizationsScope-[GlobalKey#06834]], state: NavigatorState#5e3d4(tickers: tracking 1 ticker))
                                                                          ÔööHeroControllerScope
                                                                           ÔööNotificationListener<NavigationNotification>
                                                                            ÔööListener(listeners: [down, up, cancel], behavior: deferToChild, renderObject: RenderPointerListener#9946e)
                                                                             ÔööAbsorbPointer(absorbing: false, renderObject: RenderAbsorbPointer#33601)
                                                                              ÔööFocusTraversalGroup(policy: ReadingOrderTraversalPolicy#da0cf, state: _FocusTraversalGroupState#cd13b)
                                                                               ÔööFocus(debugLabel: "FocusTraversalGroup", focusNode: _FocusTraversalGroupNode#24164(FocusTraversalGroup [IN FOCUS PATH]), dependencies: [_FocusInheritedScope], state: _FocusState#fb0ec)
                                                                                Ôöö_FocusInheritedScope
                                                                                 ÔööFocus(debugLabel: "Navigator", AUTOFOCUS, focusNode: FocusNode#44d87(Navigator [IN FOCUS PATH]), dependencies: [_FocusInheritedScope], state: _FocusState#baee1)
                                                                                  Ôöö_FocusInheritedScope
                                                                                   ÔööUnmanagedRestorationScope
                                                                                    ÔööOverlay-[LabeledGlobalKey<OverlayState>#322ed](state: OverlayState#780a1(entries: [OverlayEntry#b67b9(opaque: true; maintainState: false), OverlayEntry#44dc2(opaque: false; maintainState: true)]))
                                                                                     Ôöö_Theater(skipCount: 0, dependencies: [Directionality], renderObject: _RenderTheater#fb876)
                                                                                      Ôö£_OverlayEntryWidget-[LabeledGlobalKey<_OverlayEntryWidgetState>#98397](state: _OverlayEntryWidgetState#9da33)
                                                                                      ÔöéÔööTickerMode(state: _TickerModeState#7bc69(requested mode: enabled))
                                                                                      Ôöé Ôöö_EffectiveTickerMode(effective mode: enabled)
                                                                                      Ôöé  Ôöö_RenderTheaterMarker
                                                                                      Ôöé   ÔööBuilder
                                                                                      Ôöé    ÔööIgnorePointer(ignoring: false, renderObject: RenderIgnorePointer#08b6a)
                                                                                      Ôöé     ÔööModalBarrier
                                                                                      Ôöé      ÔööBlockSemantics(blocking: true, renderObject: RenderBlockSemantics#abe01)
                                                                                      Ôöé       ÔööExcludeSemantics(excluding: true, renderObject: RenderExcludeSemantics#e4871)
                                                                                      Ôöé        Ôöö_ModalBarrierGestureDetector
                                                                                      Ôöé         ÔööRawGestureDetector(state: RawGestureDetectorState#360c4(gestures: [any tap], behavior: opaque))
                                                                                      Ôöé          Ôöö_GestureSemantics(renderObject: RenderSemanticsGestureHandler#8bc61)
                                                                                      Ôöé           ÔööListener(listeners: [down, panZoomStart], behavior: opaque, renderObject: RenderPointerListener#c49fa)
                                                                                      Ôöé            ÔööSemantics(container: false, properties: SemanticsProperties, renderObject: RenderSemanticsAnnotations#59d22)
                                                                                      Ôöé             ÔööMouseRegion(listeners: <none>, cursor: SystemMouseCursor(basic), renderObject: RenderMouseRegion#9ad35)
                                                                                      Ôöé              ÔööConstrainedBox(BoxConstraints(biggest), renderObject: RenderConstrainedBox#a5483)
                                                                                      Ôöö_OverlayEntryWidget-[LabeledGlobalKey<_OverlayEntryWidgetState>#5eda6](state: _OverlayEntryWidgetState#83569)
                                                                                       ÔööTickerMode(state: _TickerModeState#8db5b(requested mode: enabled))
                                                                                        Ôöö_EffectiveTickerMode(effective mode: enabled)
                                                                                         Ôöö_RenderTheaterMarker
                                                                                          ÔööBuilder
                                                                                           ÔööSemantics(container: false, properties: SemanticsProperties, sortKey: OrdinalSortKey#3c76b(order: 0.0), renderObject: RenderSemanticsAnnotations#d7897)
                                                                                            Ôöö_ModalScope<dynamic>-[LabeledGlobalKey<_ModalScopeState<dynamic>>#4776d](state: _ModalScopeState<dynamic>#80115)
                                                                                             ÔööAnimatedBuilder(listenable: ValueNotifier<String?>#ca9d5(null), state: _AnimatedState#ebb45)
                                                                                              ÔööRestorationScope(dependencies: [UnmanagedRestorationScope], state: _RestorationScopeState#54cab)
                                                                                               ÔööUnmanagedRestorationScope
                                                                                                Ôöö_ModalScopeStatus(active)
                                                                                                 ÔööOffstage(offstage: false, renderObject: RenderOffstage#f4940)
                                                                                                  ÔööPageStorage
                                                                                                   ÔööBuilder
                                                                                                    ÔööActions(dispatcher: null, actions: {DismissIntent: _DismissModalAction#8d2bf}, state: _ActionsState#075d3)
                                                                                                     Ôöö_ActionsScope
                                                                                                      ÔööPrimaryScrollController(ScrollController#e8a2e(no clients))
                                                                                                       Ôöö_FocusScopeWithExternalFocusNode(debugLabel: "_ModalScopeState<dynamic> Focus Scope", focusNode: FocusScopeNode#3c87c(_ModalScopeState<dynamic> Focus Scope [PRIMARY FOCUS]), dependencies: [_FocusInheritedScope], state: _FocusScopeState#febff)
                                                                                                        ÔööSemantics(container: false, properties: SemanticsProperties, renderObject: RenderSemanticsAnnotations#f111c)
                                                                                                         Ôöö_FocusInheritedScope
                                                                                                          ÔööRepaintBoundary(renderObject: RenderRepaintBoundary#b23d0)
                                                                                                           ÔööListenableBuilder(listenable: Listenable.merge([AnimationController#6bb2a(ÔÅ¡ 1.000; paused; for MaterialPageRoute<dynamic>(/))Ô×®ProxyAnimation, kAlwaysDismissedAnimationÔ×®ProxyAnimationÔ×®ProxyAnimation]), dependencies: [InheritedCupertinoTheme, _InheritedTheme, _LocalizationsScope-[GlobalKey#06834]], state: _AnimatedState#4dbb2)
                                                                                                            Ôöö_PageTransitionsThemeTransitions<dynamic>(dependencies: [InheritedCupertinoTheme, _InheritedTheme, _LocalizationsScope-[GlobalKey#06834]], state: _PageTransitionsThemeTransitionsState<dynamic>#fd247)
                                                                                                             Ôöö_PredictiveBackGestureDetector(state: _PredictiveBackGestureDetectorState#ec382)
                                                                                                              Ôöö_FadeForwardsPageTransition(dependencies: [_ModalScopeStatus])
                                                                                                               ÔööDualTransitionBuilder(state: _DualTransitionBuilderState#28cf1)
                                                                                                                ÔööFadeTransition(opacity: kAlwaysCompleteAnimationÔ×®ProxyAnimationÔ×®CurveTween(curve: Interval(0.0Ôï»0.75))Ô×®Tween<double>(0.0 ÔåÆ 1.0)Ô×®1.0, renderObject: RenderAnimatedOpacity#d671e)
                                                                                                                 ÔööSlideTransition(listenable: kAlwaysCompleteAnimationÔ×®ProxyAnimationÔ×®CurveTween(curve: ThreePointCubic )Ô×®Tween<Offset>(Offset(0.3, 0.0) ÔåÆ Offset(0.0, 0.0))Ô×®Offset(0.0, 0.0), state: _AnimatedState#dec29)
                                                                                                                  ÔööFractionalTranslation(renderObject: RenderFractionalTranslation#a4771)
                                                                                                                   ÔööIgnorePointer(ignoring: false, renderObject: RenderIgnorePointer#cbf58)
                                                                                                                    ÔööFadeTransition(opacity: AnimationController#6bb2a(ÔÅ¡ 1.000; paused; for MaterialPageRoute<dynamic>(/))Ô×®ProxyAnimationÔ×¬ReverseAnimationÔ×®ProxyAnimationÔ×®CurveTween(curve: Interval(0.0Ôï»0.25))Ô×®Tween<double>(1.0 ÔåÆ 0.0)Ô×®1.0, renderObject: RenderAnimatedOpacity#e9e7a)
                                                                                                                     ÔööSlideTransition(listenable: AnimationController#6bb2a(ÔÅ¡ 1.000; paused; for MaterialPageRoute<dynamic>(/))Ô×®ProxyAnimationÔ×¬ReverseAnimationÔ×®ProxyAnimationÔ×®CurveTween(curve: ThreePointCubic )Ô×®Tween<Offset>(Offset(0.0, 0.0) ÔåÆ Offset(0.3, 0.0))Ô×®Offset(0.0, 0.0), state: _AnimatedState#9a6bc)
                                                                                                                      ÔööFractionalTranslation(renderObject: RenderFractionalTranslation#7ac30)
                                                                                                                       ÔööColoredBox(color: Color(alpha: 0.0000, red: 0.0000, green: 0.0000, blue: 0.0000, colorSpace: ColorSpace.sRGB), renderObject: _RenderColoredBox#5bf63)
                                                                                                                        ÔööDualTransitionBuilder(state: _DualTransitionBuilderState#c6222)
                                                                                                                         ÔööFadeTransition(opacity: kAlwaysCompleteAnimationÔ×®ProxyAnimationÔ×®CurveTween(curve: Interval(0.0Ôï»0.75))Ô×®Tween<double>(0.0 ÔåÆ 1.0)Ô×®1.0, renderObject: RenderAnimatedOpacity#6d6c7)
                                                                                                                          ÔööSlideTransition(listenable: kAlwaysCompleteAnimationÔ×®ProxyAnimationÔ×®CurveTween(curve: ThreePointCubic )Ô×®Tween<Offset>(Offset(-0.3, 0.0) ÔåÆ Offset(0.0, 0.0))Ô×®Offset(0.0, 0.0), state: _AnimatedState#f638f)
                                                                                                                           ÔööFractionalTranslation(renderObject: RenderFractionalTranslation#5df81)
                                                                                                                            ÔööFadeTransition(opacity: kAlwaysDismissedAnimationÔ×®ProxyAnimationÔ×®ProxyAnimationÔ×¬ReverseAnimationÔ×¬ReverseAnimationÔ×®ProxyAnimationÔ×®CurveTween(curve: Interval(0.0Ôï»0.25))Ô×®Tween<double>(1.0 ÔåÆ 0.0)Ô×®1.0, renderObject: RenderAnimatedOpacity#be4a2)
                                                                                                                             ÔööSlideTransition(listenable: kAlwaysDismissedAnimationÔ×®ProxyAnimationÔ×®ProxyAnimationÔ×¬ReverseAnimationÔ×¬ReverseAnimationÔ×®ProxyAnimationÔ×®CurveTween(curve: ThreePointCubic )Ô×®Tween<Offset>(Offset(0.0, 0.0) ÔåÆ Offset(-0.3, 0.0))Ô×®Offset(0.0, 0.0), state: _AnimatedState#5d0f1)
                                                                                                                              ÔööFractionalTranslation(renderObject: RenderFractionalTranslation#8e5b1)
                                                                                                                               ÔööListenableBuilder(listenable: ValueNotifier<bool>#c7fc9(false), state: _AnimatedState#d74fd)
                                                                                                                                ÔööIgnorePointer(ignoring: false, renderObject: RenderIgnorePointer#834bd)
                                                                                                                                 ÔööRepaintBoundary-[GlobalKey#c3b60](renderObject: RenderRepaintBoundary#540ff)
                                                                                                                                  ÔööBuilder
                                                                                                                                   ÔööErrorWidget-[#fee39](message: Bad state: GetIt: Object/factory with type AudioEngine is not registered inside GetIt. \n(Did you accidentally do GetIt sl=GetIt.instance(); instead of GetIt sl=GetIt.instance;\nDid you forget to register it?)\nSee also: https://docs.flutter.dev/testing/errors, renderObject: RenderErrorBox#2033a)


ÔòÉÔòÉÔòí EXCEPTION CAUGHT BY WIDGETS LIBRARY Ôò×ÔòÉÔòÉÔòÉÔòÉÔòÉÔòÉÔòÉÔòÉÔòÉÔòÉÔòÉÔòÉÔòÉÔòÉÔòÉÔòÉÔòÉÔòÉÔòÉÔòÉÔòÉÔòÉÔòÉÔòÉÔòÉÔòÉÔòÉÔòÉÔòÉÔòÉÔòÉÔòÉÔòÉÔòÉÔòÉÔòÉÔòÉÔòÉÔòÉÔòÉÔòÉÔòÉÔòÉÔòÉÔòÉÔòÉÔòÉÔòÉÔòÉÔòÉÔòÉÔòÉÔòÉÔòÉÔòÉÔòÉÔòÉÔòÉÔòÉ
The following StateError was thrown building Builder:
Bad state: GetIt: Object/factory with type AudioEngine is not registered inside GetIt.
(Did you accidentally do GetIt sl=GetIt.instance(); instead of GetIt sl=GetIt.instance;
Did you forget to register it?)

The relevant error-causing widget was:
  MaterialApp
  MaterialApp:file:///D:/Releven/Bandait/test/presentation/pages/audio_settings_screen_test.dart:46:35

When the exception was thrown, this was the stack:
#0      throwIfNot (package:get_it/get_it_impl.dart:14:19)
#1      _GetItImplementation._findFactoryByNameAndType (package:get_it/get_it_impl.dart:435:5)
#2      _GetItImplementation.get (package:get_it/get_it_impl.dart:463:29)
#3      _GetItImplementation.call (package:get_it/get_it_impl.dart:554:12)
#4      new _AudioSettingsScreenState (package:bandait/presentation/pages/audio_settings/audio_settings_screen.dart:13:29)
#5      AudioSettingsScreen.createState (package:bandait/presentation/pages/audio_settings/audio_settings_screen.dart:9:47)
#6      new StatefulElement (package:flutter/src/widgets/framework.dart:5905:60)
#7      StatefulWidget.createElement (package:flutter/src/widgets/framework.dart:779:38)
...     Normal element mounting (260 frames)
#267    Element.inflateWidget (package:flutter/src/widgets/framework.dart:4590:20)
#268    MultiChildRenderObjectElement.inflateWidget (package:flutter/src/widgets/framework.dart:7269:36)
#269    MultiChildRenderObjectElement.mount (package:flutter/src/widgets/framework.dart:7285:32)
...     Normal element mounting (465 frames)
#734    Element.inflateWidget (package:flutter/src/widgets/framework.dart:4590:20)
#735    Element.updateChild (package:flutter/src/widgets/framework.dart:4053:20)
#736    ComponentElement.performRebuild (package:flutter/src/widgets/framework.dart:5844:16)
#737    Element.rebuild (package:flutter/src/widgets/framework.dart:5532:7)
#738    ProxyElement.update (package:flutter/src/widgets/framework.dart:6152:5)
#739    _InheritedNotifierElement.update (package:flutter/src/widgets/inherited_notifier.dart:108:11)
#740    Element.updateChild (package:flutter/src/widgets/framework.dart:4037:15)
#741    ComponentElement.performRebuild (package:flutter/src/widgets/framework.dart:5844:16)
#742    StatefulElement.performRebuild (package:flutter/src/widgets/framework.dart:5985:11)
#743    Element.rebuild (package:flutter/src/widgets/framework.dart:5532:7)
#744    StatefulElement.update (package:flutter/src/widgets/framework.dart:6010:5)
#745    Element.updateChild (package:flutter/src/widgets/framework.dart:4037:15)
#746    ComponentElement.performRebuild (package:flutter/src/widgets/framework.dart:5844:16)
#747    Element.rebuild (package:flutter/src/widgets/framework.dart:5532:7)
#748    ProxyElement.update (package:flutter/src/widgets/framework.dart:6152:5)
#749    _InheritedNotifierElement.update (package:flutter/src/widgets/inherited_notifier.dart:108:11)
#750    Element.updateChild (package:flutter/src/widgets/framework.dart:4037:15)
#751    ComponentElement.performRebuild (package:flutter/src/widgets/framework.dart:5844:16)
#752    StatefulElement.performRebuild (package:flutter/src/widgets/framework.dart:5985:11)
#753    Element.rebuild (package:flutter/src/widgets/framework.dart:5532:7)
#754    StatefulElement.update (package:flutter/src/widgets/framework.dart:6010:5)
#755    Element.updateChild (package:flutter/src/widgets/framework.dart:4037:15)
#756    ComponentElement.performRebuild (package:flutter/src/widgets/framework.dart:5844:16)
#757    StatefulElement.performRebuild (package:flutter/src/widgets/framework.dart:5985:11)
#758    Element.rebuild (package:flutter/src/widgets/framework.dart:5532:7)
#759    StatefulElement.update (package:flutter/src/widgets/framework.dart:6010:5)
#760    Element.updateChild (package:flutter/src/widgets/framework.dart:4037:15)
#761    ComponentElement.performRebuild (package:flutter/src/widgets/framework.dart:5844:16)
#762    Element.rebuild (package:flutter/src/widgets/framework.dart:5532:7)
#763    ProxyElement.update (package:flutter/src/widgets/framework.dart:6152:5)
#764    Element.updateChild (package:flutter/src/widgets/framework.dart:4037:15)
#765    ComponentElement.performRebuild (package:flutter/src/widgets/framework.dart:5844:16)
#766    StatefulElement.performRebuild (package:flutter/src/widgets/framework.dart:5985:11)
#767    Element.rebuild (package:flutter/src/widgets/framework.dart:5532:7)
#768    StatefulElement.update (package:flutter/src/widgets/framework.dart:6010:5)
#769    Element.updateChild (package:flutter/src/widgets/framework.dart:4037:15)
#770    ComponentElement.performRebuild (package:flutter/src/widgets/framework.dart:5844:16)
#771    Element.rebuild (package:flutter/src/widgets/framework.dart:5532:7)
#772    ProxyElement.update (package:flutter/src/widgets/framework.dart:6152:5)
#773    Element.updateChild (package:flutter/src/widgets/framework.dart:4037:15)
#774    ComponentElement.performRebuild (package:flutter/src/widgets/framework.dart:5844:16)
#775    Element.rebuild (package:flutter/src/widgets/framework.dart:5532:7)
#776    ProxyElement.update (package:flutter/src/widgets/framework.dart:6152:5)
#777    Element.updateChild (package:flutter/src/widgets/framework.dart:4037:15)
#778    _RawViewElement._updateChild (package:flutter/src/widgets/view.dart:481:16)
#779    _RawViewElement.update (package:flutter/src/widgets/view.dart:568:5)
#780    Element.updateChild (package:flutter/src/widgets/framework.dart:4037:15)
#781    ComponentElement.performRebuild (package:flutter/src/widgets/framework.dart:5844:16)
#782    Element.rebuild (package:flutter/src/widgets/framework.dart:5532:7)
#783    StatelessElement.update (package:flutter/src/widgets/framework.dart:5898:5)
#784    Element.updateChild (package:flutter/src/widgets/framework.dart:4037:15)
#785    ComponentElement.performRebuild (package:flutter/src/widgets/framework.dart:5844:16)
#786    StatefulElement.performRebuild (package:flutter/src/widgets/framework.dart:5985:11)
#787    Element.rebuild (package:flutter/src/widgets/framework.dart:5532:7)
#788    StatefulElement.update (package:flutter/src/widgets/framework.dart:6010:5)
#789    Element.updateChild (package:flutter/src/widgets/framework.dart:4037:15)
#790    RootElement._rebuild (package:flutter/src/widgets/binding.dart:1782:16)
#791    RootElement.update (package:flutter/src/widgets/binding.dart:1760:5)
#792    RootElement.performRebuild (package:flutter/src/widgets/binding.dart:1774:7)
#793    Element.rebuild (package:flutter/src/widgets/framework.dart:5532:7)
#794    BuildScope._tryRebuild (package:flutter/src/widgets/framework.dart:2750:15)
#795    BuildScope._flushDirtyElements (package:flutter/src/widgets/framework.dart:2807:11)
#796    BuildOwner.buildScope (package:flutter/src/widgets/framework.dart:3111:18)
#797    AutomatedTestWidgetsFlutterBinding.drawFrame (package:flutter_test/src/binding.dart:1506:19)
#798    RendererBinding._handlePersistentFrameCallback (package:flutter/src/rendering/binding.dart:495:5)
#799    SchedulerBinding._invokeFrameCallback (package:flutter/src/scheduler/binding.dart:1434:15)
#800    SchedulerBinding.handleDrawFrame (package:flutter/src/scheduler/binding.dart:1347:9)
#801    AutomatedTestWidgetsFlutterBinding.pump.<anonymous closure> (package:flutter_test/src/binding.dart:1335:9)
#804    TestAsyncUtils.guard (package:flutter_test/src/test_async_utils.dart:74:41)
#805    AutomatedTestWidgetsFlutterBinding.pump (package:flutter_test/src/binding.dart:1324:27)
#806    WidgetTester.pumpWidget.<anonymous closure> (package:flutter_test/src/widget_tester.dart:598:22)
#809    TestAsyncUtils.guard (package:flutter_test/src/test_async_utils.dart:74:41)
#810    WidgetTester.pumpWidget (package:flutter_test/src/widget_tester.dart:595:27)
#811    main.<anonymous closure> (file:///D:/Releven/Bandait/test/presentation/pages/audio_settings_screen_test.dart:46:18)
#812    testWidgets.<anonymous closure>.<anonymous closure> (package:flutter_test/src/widget_tester.dart:192:29)
<asynchronous suspension>
#813    TestWidgetsFlutterBinding._runTestBody (package:flutter_test/src/binding.dart:1059:5)
<asynchronous suspension>
<asynchronous suspension>
(elided 5 frames from dart:async and package:stack_trace)

ÔòÉÔòÉÔòÉÔòÉÔòÉÔòÉÔòÉÔòÉÔòÉÔòÉÔòÉÔòÉÔòÉÔòÉÔòÉÔòÉÔòÉÔòÉÔòÉÔòÉÔòÉÔòÉÔòÉÔòÉÔòÉÔòÉÔòÉÔòÉÔòÉÔòÉÔòÉÔòÉÔòÉÔòÉÔòÉÔòÉÔòÉÔòÉÔòÉÔòÉÔòÉÔòÉÔòÉÔòÉÔòÉÔòÉÔòÉÔòÉÔòÉÔòÉÔòÉÔòÉÔòÉÔòÉÔòÉÔòÉÔòÉÔòÉÔòÉÔòÉÔòÉÔòÉÔòÉÔòÉÔòÉÔòÉÔòÉÔòÉÔòÉÔòÉÔòÉÔòÉÔòÉÔòÉÔòÉÔòÉÔòÉÔòÉÔòÉÔòÉÔòÉÔòÉÔòÉÔòÉÔòÉÔòÉÔòÉÔòÉÔòÉÔòÉÔòÉÔòÉÔòÉÔòÉÔòÉÔòÉÔòÉÔòÉÔòÉÔòÉ
ÔòÉÔòÉÔòí EXCEPTION CAUGHT BY FLUTTER TEST FRAMEWORK Ôò×ÔòÉÔòÉÔòÉÔòÉÔòÉÔòÉÔòÉÔòÉÔòÉÔòÉÔòÉÔòÉÔòÉÔòÉÔòÉÔòÉÔòÉÔòÉÔòÉÔòÉÔòÉÔòÉÔòÉÔòÉÔòÉÔòÉÔòÉÔòÉÔòÉÔòÉÔòÉÔòÉÔòÉÔòÉÔòÉÔòÉÔòÉÔòÉÔòÉÔòÉÔòÉÔòÉÔòÉÔòÉÔòÉÔòÉÔòÉÔòÉÔòÉÔòÉÔòÉÔòÉ
The following TestFailure was thrown running a test:
Expected: exactly one matching candidate
  Actual: _TextWidgetFinder:<Found 0 widgets with text "AUDIO ENGINE": []>
   Which: means none were found but one was expected

When the exception was thrown, this was the stack:
#4      main.<anonymous closure> (file:///D:/Releven/Bandait/test/presentation/pages/audio_settings_screen_test.dart:54:5)
<asynchronous suspension>
#5      testWidgets.<anonymous closure>.<anonymous closure> (package:flutter_test/src/widget_tester.dart:192:15)
<asynchronous suspension>
#6      TestWidgetsFlutterBinding._runTestBody (package:flutter_test/src/binding.dart:1059:5)
<asynchronous suspension>
<asynchronous suspension>
(elided one frame from package:stack_trace)

This was caught by the test expectation on the following line:
  file:///D:/Releven/Bandait/test/presentation/pages/audio_settings_screen_test.dart line 54
The test description was:
  AudioSettingsScreen loads and displays properties
ÔòÉÔòÉÔòÉÔòÉÔòÉÔòÉÔòÉÔòÉÔòÉÔòÉÔòÉÔòÉÔòÉÔòÉÔòÉÔòÉÔòÉÔòÉÔòÉÔòÉÔòÉÔòÉÔòÉÔòÉÔòÉÔòÉÔòÉÔòÉÔòÉÔòÉÔòÉÔòÉÔòÉÔòÉÔòÉÔòÉÔòÉÔòÉÔòÉÔòÉÔòÉÔòÉÔòÉÔòÉÔòÉÔòÉÔòÉÔòÉÔòÉÔòÉÔòÉÔòÉÔòÉÔòÉÔòÉÔòÉÔòÉÔòÉÔòÉÔòÉÔòÉÔòÉÔòÉÔòÉÔòÉÔòÉÔòÉÔòÉÔòÉÔòÉÔòÉÔòÉÔòÉÔòÉÔòÉÔòÉÔòÉÔòÉÔòÉÔòÉÔòÉÔòÉÔòÉÔòÉÔòÉÔòÉÔòÉÔòÉÔòÉÔòÉÔòÉÔòÉÔòÉÔòÉÔòÉÔòÉÔòÉÔòÉÔòÉÔòÉ
ÔòÉÔòÉÔòí EXCEPTION CAUGHT BY FLUTTER TEST FRAMEWORK Ôò×ÔòÉÔòÉÔòÉÔòÉÔòÉÔòÉÔòÉÔòÉÔòÉÔòÉÔòÉÔòÉÔòÉÔòÉÔòÉÔòÉÔòÉÔòÉÔòÉÔòÉÔòÉÔòÉÔòÉÔòÉÔòÉÔòÉÔòÉÔòÉÔòÉÔòÉÔòÉÔòÉÔòÉÔòÉÔòÉÔòÉÔòÉÔòÉÔòÉÔòÉÔòÉÔòÉÔòÉÔòÉÔòÉÔòÉÔòÉÔòÉÔòÉÔòÉÔòÉÔòÉ
The following message was thrown:
Multiple exceptions (2) were detected during the running of the current test, and at least one was
unexpected.
ÔòÉÔòÉÔòÉÔòÉÔòÉÔòÉÔòÉÔòÉÔòÉÔòÉÔòÉÔòÉÔòÉÔòÉÔòÉÔòÉÔòÉÔòÉÔòÉÔòÉÔòÉÔòÉÔòÉÔòÉÔòÉÔòÉÔòÉÔòÉÔòÉÔòÉÔòÉÔòÉÔòÉÔòÉÔòÉÔòÉÔòÉÔòÉÔòÉÔòÉÔòÉÔòÉÔòÉÔòÉÔòÉÔòÉÔòÉÔòÉÔòÉÔòÉÔòÉÔòÉÔòÉÔòÉÔòÉÔòÉÔòÉÔòÉÔòÉÔòÉÔòÉÔòÉÔòÉÔòÉÔòÉÔòÉÔòÉÔòÉÔòÉÔòÉÔòÉÔòÉÔòÉÔòÉÔòÉÔòÉÔòÉÔòÉÔòÉÔòÉÔòÉÔòÉÔòÉÔòÉÔòÉÔòÉÔòÉÔòÉÔòÉÔòÉÔòÉÔòÉÔòÉÔòÉÔòÉÔòÉÔòÉÔòÉÔòÉÔòÉ
00:02 +0 -1: AudioSettingsScreen loads and displays properties [E]
  Test failed. See exception logs above.
  The test description was: AudioSettingsScreen loads and displays properties
  
00:02 +0 -1: Some tests failed.
